// Jest Snapshot v1, https://goo.gl/fbAQLP

exports[`street view constants 1`] = `
Object {
  "BEST": "best",
  "NEAREST": "nearest",
}
`;

exports[`street view constants 2`] = `
Object {
  "DEFAULT": "default",
  "OUTDOOR": "outdoor",
}
`;

exports[`street view constants 3`] = `
Object {
  "OK": "OK",
  "UNKNOWN_ERROR": "UNKNOWN_ERROR",
  "ZERO_RESULTS": "ZERO_RESULTS",
}
`;
