// Jest Snapshot v1, https://goo.gl/fbAQLP

exports[`maps control position 1`] = `
Object {
  "0": "BOTTOM_CENTER",
  "1": "BOTTOM_LEFT",
  "10": "TOP_LEFT",
  "11": "TOP_RIGHT",
  "2": "BOTTOM_RIGHT",
  "3": "LEFT_BOTTOM",
  "4": "LEFT_CENTER",
  "5": "LEFT_TOP",
  "6": "RIGHT_BOTTOM",
  "7": "RIGHT_CENTER",
  "8": "RIGHT_TOP",
  "9": "TOP_CENTER",
  "BOTTOM_CENTER": 0,
  "BOTTOM_LEFT": 1,
  "BOTTOM_RIGHT": 2,
  "LEFT_BOTTOM": 3,
  "LEFT_CENTER": 4,
  "LEFT_TOP": 5,
  "RIGHT_BOTTOM": 6,
  "RIGHT_CENTER": 7,
  "RIGHT_TOP": 8,
  "TOP_CENTER": 9,
  "TOP_LEFT": 10,
  "TOP_RIGHT": 11,
}
`;
